[fortnitemarket.club/index.html]
[backblue.gif]
[fade.gif]
[index.html]
[fortnitemarket.club/img/favicon.ico]
[fortnitemarket.club/public_html/imguse.fontawesome.com/releases/v5.11.2/css/all.html]
[fortnitemarket.club/css/bootstrap.min.css]
[fortnitemarket.club/css/mdb.min.css]
[fortnitemarket.club/css/style.css]
[www.smartsuppchat.com/loaderd41d.js]
[i.imgur.com/IL6puom.jpg]
[i.imgur.com/N5Eb8mN.png]
[i.imgur.com/oujZG7w.png]
[i.imgur.com/Kiy71lH.png]
[i.imgur.com/8F5RZhR.png]
[i.imgur.com/N5IajcB.png]
[i.imgur.com/gVal588.png]
[i.imgur.com/s8uTbH2.png]
[i.imgur.com/OWNtl8l.png]
[i.imgur.com/2n0JCNA.png]
[fortnitemarket.club/30.html]
[fortnitemarket.club/20.html]
[fortnitemarket.club/js/jquery.min.js]
[fortnitemarket.club/js/popper.min.js]
[fortnitemarket.club/js/bootstrap.min.js]
[fortnitemarket.club/index.html]
[fortnitemarket.club/public_html/imguse.fontawesome.com/releases/v5.11.2/css/all.html]
[fortnitemarket.club/css/bootstrap.min.css]
[fortnitemarket.club/js/mdb.min.js]
[fortnitemarket.club/img/overlays/01.html]
[fortnitemarket.club/img/overlays/02.html]
[fortnitemarket.club/img/overlays/03.html]
[fortnitemarket.club/img/overlays/04.html]
[fortnitemarket.club/img/overlays/05.html]
[fortnitemarket.club/img/overlays/06.html]
[fortnitemarket.club/img/overlays/07.html]
[fortnitemarket.club/img/overlays/08.html]
[fortnitemarket.club/img/overlays/09.html]
[fortnitemarket.club/img/svg/arrow_left.html]
[fortnitemarket.club/img/svg/arrow_right.html]
[fortnitemarket.club/css/mdb.min.css]
[fortnitemarket.club/css/style.css]
[fortnitemarket.club/30.html]
[fortnitemarket.club/20.html]
[fortnitemarket.club/img/overlays/01.html]
[fortnitemarket.club/img/overlays/02.html]
[fortnitemarket.club/img/overlays/03.html]
[fortnitemarket.club/img/overlays/04.html]
[fortnitemarket.club/img/overlays/05.html]
[fortnitemarket.club/img/overlays/06.html]
[fortnitemarket.club/img/overlays/07.html]
[fortnitemarket.club/img/overlays/08.html]
[fortnitemarket.club/img/overlays/09.html]
[fortnitemarket.club/img/svg/arrow_left.html]
[fortnitemarket.club/img/svg/arrow_right.html]
